// Jest Snapshot v1, https://goo.gl/fbAQLP

exports[`DetoxConfigErrorBuilder .cantChooseConfiguration should create a generic error, if the config location is not known 1`] = `
[DetoxConfigError: Cannot determine which configuration to use from Detox config.

HINT: Use --configuration to choose one of the following:
* conf1
* conf2]
`;

exports[`DetoxConfigErrorBuilder .cantChooseConfiguration should create an error with a hint, if the config location is known 1`] = `
[DetoxConfigError: Cannot determine which configuration to use from Detox config at path:
/etc/detox/config.js

HINT: Use --configuration to choose one of the following:
* conf1
* conf2]
`;

exports[`DetoxConfigErrorBuilder .configurationShouldNotBeEmpty should create a generic error, if the config location is not known 1`] = `
[DetoxConfigError: Cannot use an empty configuration "empty".

HINT: A valid configuration should have "device" and "app" properties defined.
Examine your Detox config.

{
  configurations: {
    empty: {},
    nonEmpty: [Object]
  }
}]
`;

exports[`DetoxConfigErrorBuilder .configurationShouldNotBeEmpty should create an error with a hint, if the config location is known 1`] = `
[DetoxConfigError: Cannot use an empty configuration "empty".

HINT: A valid configuration should have "device" and "app" properties defined.
Examine your Detox config at path:
/etc/detox/config.js

{
  configurations: {
    empty: {},
    nonEmpty: [Object]
  }
}]
`;

exports[`DetoxConfigErrorBuilder .failedToReadConfiguration should create a generic error, if I/O error is unknown 1`] = `
[DetoxConfigError: An error occurred while trying to load Detox config from:
/etc/detox/config.js]
`;

exports[`DetoxConfigErrorBuilder .failedToReadConfiguration should create a simple error, but with the original intercepted IO error 1`] = `
[DetoxConfigError: An error occurred while trying to load Detox config from:
/home/detox

EISDIR: illegal operation on a directory, read]
`;

exports[`DetoxConfigErrorBuilder .invalidDebugSynchronizationProperty should create a generic error, if the config location is not known 1`] = `
[DetoxConfigError: session.debugSynchronization should be a positive number

HINT: Check that in your Detox config.

{
  configurations: {
    'android.release': {
      session: {
        debugSynchronization: '3000'
      }
    }
  }
}]
`;

exports[`DetoxConfigErrorBuilder .invalidDebugSynchronizationProperty should create an error with a hint, if the config location is known 1`] = `
[DetoxConfigError: session.debugSynchronization should be a positive number

HINT: Check that in your Detox config at path:
/home/detox/myproject/.detoxrc.json

{
  configurations: {
    'android.release': {
      session: {
        debugSynchronization: '3000'
      }
    }
  }
}]
`;

exports[`DetoxConfigErrorBuilder .invalidDebugSynchronizationProperty should point to global session if there is one 1`] = `
[DetoxConfigError: session.debugSynchronization should be a positive number

HINT: Check that in your Detox config at path:
/home/detox/myproject/.detoxrc.json

{
  session: {
    server: 'ws://localhost:12837'
  }
}]
`;

exports[`DetoxConfigErrorBuilder .invalidServerProperty should create a generic error, if the config location is not known 1`] = `
[DetoxConfigError: session.server property is not a valid WebSocket URL

HINT: Expected something like "ws://localhost:8099".
Check that in your Detox config.

{
  session: {
    server: 'localhost'
  },
  configurations: {
    'android.release': {}
  }
}]
`;

exports[`DetoxConfigErrorBuilder .invalidServerProperty should create an error with a hint, if the config location is known 1`] = `
[DetoxConfigError: session.server property is not a valid WebSocket URL

HINT: Expected something like "ws://localhost:8099".
Check that in your Detox config at path:
/home/detox/myproject/.detoxrc.json

{
  session: {
    server: 'localhost'
  },
  configurations: {
    'android.release': {}
  }
}]
`;

exports[`DetoxConfigErrorBuilder .invalidSessionId should create a generic error, if the config location is not known 1`] = `
[DetoxConfigError: session.sessionId property should be a non-empty string

HINT: Check that in your Detox config.

{
  configurations: {
    'android.release': {
      session: {
        sessionId: 234589798234
      }
    }
  }
}]
`;

exports[`DetoxConfigErrorBuilder .invalidSessionId should create an error with a hint, if the config location is known 1`] = `
[DetoxConfigError: session.sessionId property should be a non-empty string

HINT: Check that in your Detox config at path:
/home/detox/myproject/.detoxrc.json

{
  configurations: {
    'android.release': {
      session: {
        sessionId: 234589798234
      }
    }
  }
}]
`;

exports[`DetoxConfigErrorBuilder .invalidSessionId should point to global session if there is one 1`] = `
[DetoxConfigError: session.sessionId property should be a non-empty string

HINT: Check that in your Detox config at path:
/home/detox/myproject/.detoxrc.json

{
  session: {
    server: 'ws://localhost:12837'
  }
}]
`;

exports[`DetoxConfigErrorBuilder .malformedAppLaunchArgs should create an error with specifying the config name 1`] = `
[Error: TODO - malformedAppLaunchArgs
{}]
`;

exports[`DetoxConfigErrorBuilder .malformedUtilBinaryPaths should create an error with specifying the config name 1`] = `
[Error: TODO - malformedUtilBinaryPaths
{}]
`;

exports[`DetoxConfigErrorBuilder .missingBuildScript should create a generic error, if the config location is not known 1`] = `
[DetoxConfigError: Could not find a build script inside "android.release" configuration.

HINT: Check contents of your Detox config.

{
  configurations: {
    'android.release': {
      type: 'android.emulator',
      device: [Object]
    }
  }
}]
`;

exports[`DetoxConfigErrorBuilder .missingBuildScript should create an error with a hint, if the config location is known 1`] = `
[DetoxConfigError: Could not find a build script inside "android.release" configuration.

HINT: Check contents of your Detox config at path:
/home/detox/myproject/.detoxrc.json

{
  configurations: {
    'android.release': {
      type: 'android.emulator',
      device: [Object]
    }
  }
}]
`;

exports[`DetoxConfigErrorBuilder .missingDeviceProperty should include the config location into a hint message if it is known 1`] = `
[DetoxConfigError: Missing or empty "device" property inside the device config.

HINT: It should have the device query to run on, e.g.:

{
  "type": "android.emulator",
  "device": { "foo": ... }
      // or { "bar": ... }
}
Check that in your Detox config at path:
/home/detox/myproject/.detoxrc.json

{
  configurations: {
    'android.release': {
      type: 'android.emulator'
    }
  }
}]
`;

exports[`DetoxConfigErrorBuilder .missingDeviceProperty should work with aliased configurations 1`] = `
[DetoxConfigError: Missing or empty "device" property inside the device config.

HINT: It should have the device query to run on, e.g.:

{
  "type": "android.emulator",
  "device": { "foo": ... }
      // or { "bar": ... }
}
Check that in your Detox config.

{
  devices: {
    emulator: {
      type: 'android.emulator'
    }
  }
}]
`;

exports[`DetoxConfigErrorBuilder .missingDeviceProperty should work with plain configurations 1`] = `
[DetoxConfigError: Missing or empty "device" property inside the device config.

HINT: It should have the device query to run on, e.g.:

{
  "type": "android.emulator",
  "device": { "foo": ... }
      // or { "bar": ... }
}
Check that in your Detox config.

{
  configurations: {
    'android.release': {
      type: 'android.emulator'
    }
  }
}]
`;

exports[`DetoxConfigErrorBuilder .noConfigurationAtGivenPath should create an error with the attempted config path 1`] = `
[DetoxConfigError: Failed to find Detox config at:
/home/detox/myproject/.detoxrc.json

HINT: Make sure the specified path is correct.]
`;

exports[`DetoxConfigErrorBuilder .noConfigurationSpecified should create a generic error, if the configuration file is not a package.json 1`] = `
[DetoxConfigError: Cannot run Detox without a configuration.

HINT: Make sure to create external .detoxrc.json configuration in the working directory before you run Detox.]
`;

exports[`DetoxConfigErrorBuilder .noConfigurationSpecified should create a generic error, if the configuration file is unknown 1`] = `
[DetoxConfigError: Cannot run Detox without a configuration.

HINT: Make sure to create external .detoxrc.json configuration in the working directory before you run Detox.]
`;

exports[`DetoxConfigErrorBuilder .noConfigurationSpecified should create an error with a package.json hint, if THAT is the configuration file 1`] = `
[DetoxConfigError: Cannot run Detox without a configuration.

HINT: Create an external .detoxrc.json configuration, or add "detox" configuration section to your package.json at:
/home/detox/myproject/package.json]
`;

exports[`DetoxConfigErrorBuilder .noConfigurationWithGivenName should create a generic error, if the config location is not known 1`] = `
[DetoxConfigError: Failed to find a configuration named "otherConf" in Detox config.

HINT: Below are the configurations Detox was able to find:
* conf1]
`;

exports[`DetoxConfigErrorBuilder .noConfigurationWithGivenName should create an error with a hint, if the config location is known 1`] = `
[DetoxConfigError: Failed to find a configuration named "otherConf" in Detox config at path:
/etc/detox/config.js

HINT: Below are the configurations Detox was able to find:
* conf1]
`;

exports[`DetoxConfigErrorBuilder .noConfigurationsInside should create a generic error if all is unknown 1`] = `
[DetoxConfigError: There are no configurations in the given Detox config.

{
  configurations: undefined
}]
`;

exports[`DetoxConfigErrorBuilder .noConfigurationsInside should create an error with Detox config fragment, if the path is not known 1`] = `
[DetoxConfigError: There are no configurations in the given Detox config.

{
  configurations: undefined,
  config: {
    ios: {},
    android: {}
  }
}]
`;

exports[`DetoxConfigErrorBuilder .noConfigurationsInside should create an error with Detox config location hint, if it is known 1`] = `
[DetoxConfigError: There are no configurations in the given Detox config.

HINT: Examine the config at path:
/home/detox/myproject/.detoxrc.json

{
  configurations: undefined
}]
`;

exports[`DetoxConfigErrorBuilder .thereAreNoDeviceConfigs should create an error with a hint: with config path 1`] = `
[DetoxConfigError: Cannot use aliases since there is no "devices" config in Detox config at path:
/etc/detox/config.js

HINT: You should create a dictionary of device configurations in Detox config, e.g.:
{
  "devices": {
*-> "simulator": {
|     "type": "ios.simulator", // or "android.emulator", or etc...
|     "device": { "type": "iPhone 12" }, // or e.g.: { "avdName": "Pixel_API_29" }
|   }
| },
| "configurations": {
|   "conf1": {
*---- "device": "simulator",
      ...
    }
  }
}
]
`;

exports[`DetoxConfigErrorBuilder .thereAreNoDeviceConfigs should create an error with a hint: without config path 1`] = `
[DetoxConfigError: Cannot use aliases since there is no "devices" config in Detox config.

HINT: You should create a dictionary of device configurations in Detox config, e.g.:
{
  "devices": {
*-> "simulator": {
|     "type": "ios.simulator", // or "android.emulator", or etc...
|     "device": { "type": "iPhone 12" }, // or e.g.: { "avdName": "Pixel_API_29" }
|   }
| },
| "configurations": {
|   "conf1": {
*---- "device": "simulator",
      ...
    }
  }
}
]
`;
